// Jest Snapshot v1, https://goo.gl/fbAQLP

exports[`Edit Shift Template Modal should render correctly when closed 1`] = `
<Modal
  actions={
    Array [
      <Button
        aria-label="Close Modal"
        onClick={[MockFunction]}
        variant="tertiary"
      >
        Close
      </Button>,
      <Button
        aria-label="Save"
        onClick={[Function]}
      >
        Save
      </Button>,
    ]
  }
  ariaDescribedById=""
  className=""
  hideTitle={false}
  isLarge={false}
  isOpen={false}
  isSmall={true}
  onClose={[MockFunction]}
  title="Create Shift Template"
>
  <Form
    id="modal-element"
    key="0"
    onSubmit={[Function]}
  >
    <InputGroup>
      <Label>
        Spot
      </Label>
      <TypeaheadSelectInput
        aria-label="Spot"
        emptyText="Select a Spot..."
        onChange={[Function]}
        optionToStringMap={[Function]}
        options={
          Array [
            Object {
              "id": 2,
              "name": "Spot",
              "requiredSkillSet": Array [
                Object {
                  "id": 3,
                  "name": "Skill",
                  "tenantId": 0,
                  "version": 0,
                },
              ],
              "tenantId": 0,
              "version": 0,
            },
          ]
        }
      />
    </InputGroup>
    <InputGroup>
      <Label>
        Start Day Offset
      </Label>
      <TextInput
        aria-label="Start Day Offset"
        className=""
        isDisabled={false}
        isReadOnly={false}
        isRequired={false}
        isValid={true}
        max={24}
        min={1}
        onChange={[Function]}
        type="number"
      />
      <Label>
        Start Time
      </Label>
      <TextInput
        aria-label="Start Time"
        className=""
        isDisabled={false}
        isReadOnly={false}
        isRequired={false}
        isValid={true}
        onChange={[Function]}
        type="time"
      />
    </InputGroup>
    <InputGroup>
      <Label>
        End Day Offset
      </Label>
      <TextInput
        aria-label="End Day Offset"
        className=""
        isDisabled={false}
        isReadOnly={false}
        isRequired={false}
        isValid={true}
        max={24}
        min={1}
        onChange={[Function]}
        type="number"
      />
      <Label>
        End Time
      </Label>
      <TextInput
        aria-label="End Time"
        className=""
        isDisabled={false}
        isReadOnly={false}
        isRequired={false}
        isValid={true}
        onChange={[Function]}
        type="time"
      />
    </InputGroup>
    <InputGroup>
      <Label>
        Rotation Employee
      </Label>
      <TypeaheadSelectInput
        aria-label="Employee"
        emptyText="Unassigned"
        onChange={[Function]}
        optionToStringMap={[Function]}
        optional={true}
        options={
          Array [
            Object {
              "contract": Object {
                "id": 5,
                "maximumMinutesPerDay": 10,
                "maximumMinutesPerMonth": 500,
                "maximumMinutesPerWeek": 70,
                "maximumMinutesPerYear": 6000,
                "name": "Basic Contract",
                "tenantId": 0,
                "version": 0,
              },
              "id": 4,
              "name": "Employee 1",
              "skillProficiencySet": Array [
                Object {
                  "id": 6,
                  "name": "Not Required Skill",
                  "tenantId": 0,
                  "version": 0,
                },
              ],
              "tenantId": 0,
              "version": 0,
            },
          ]
        }
      />
    </InputGroup>
  </Form>
</Modal>
`;

exports[`Edit Shift Template Modal should render correctly when opened 1`] = `
<Modal
  actions={
    Array [
      <Button
        aria-label="Close Modal"
        onClick={[MockFunction]}
        variant="tertiary"
      >
        Close
      </Button>,
      <Button
        aria-label="Save"
        onClick={[Function]}
      >
        Save
      </Button>,
    ]
  }
  ariaDescribedById=""
  className=""
  hideTitle={false}
  isLarge={false}
  isOpen={true}
  isSmall={true}
  onClose={[MockFunction]}
  title="Create Shift Template"
>
  <Form
    id="modal-element"
    key="0"
    onSubmit={[Function]}
  >
    <InputGroup>
      <Label>
        Spot
      </Label>
      <TypeaheadSelectInput
        aria-label="Spot"
        emptyText="Select a Spot..."
        onChange={[Function]}
        optionToStringMap={[Function]}
        options={
          Array [
            Object {
              "id": 2,
              "name": "Spot",
              "requiredSkillSet": Array [
                Object {
                  "id": 3,
                  "name": "Skill",
                  "tenantId": 0,
                  "version": 0,
                },
              ],
              "tenantId": 0,
              "version": 0,
            },
          ]
        }
      />
    </InputGroup>
    <InputGroup>
      <Label>
        Start Day Offset
      </Label>
      <TextInput
        aria-label="Start Day Offset"
        className=""
        isDisabled={false}
        isReadOnly={false}
        isRequired={false}
        isValid={true}
        max={24}
        min={1}
        onChange={[Function]}
        type="number"
      />
      <Label>
        Start Time
      </Label>
      <TextInput
        aria-label="Start Time"
        className=""
        isDisabled={false}
        isReadOnly={false}
        isRequired={false}
        isValid={true}
        onChange={[Function]}
        type="time"
      />
    </InputGroup>
    <InputGroup>
      <Label>
        End Day Offset
      </Label>
      <TextInput
        aria-label="End Day Offset"
        className=""
        isDisabled={false}
        isReadOnly={false}
        isRequired={false}
        isValid={true}
        max={24}
        min={1}
        onChange={[Function]}
        type="number"
      />
      <Label>
        End Time
      </Label>
      <TextInput
        aria-label="End Time"
        className=""
        isDisabled={false}
        isReadOnly={false}
        isRequired={false}
        isValid={true}
        onChange={[Function]}
        type="time"
      />
    </InputGroup>
    <InputGroup>
      <Label>
        Rotation Employee
      </Label>
      <TypeaheadSelectInput
        aria-label="Employee"
        emptyText="Unassigned"
        onChange={[Function]}
        optionToStringMap={[Function]}
        optional={true}
        options={
          Array [
            Object {
              "contract": Object {
                "id": 5,
                "maximumMinutesPerDay": 10,
                "maximumMinutesPerMonth": 500,
                "maximumMinutesPerWeek": 70,
                "maximumMinutesPerYear": 6000,
                "name": "Basic Contract",
                "tenantId": 0,
                "version": 0,
              },
              "id": 4,
              "name": "Employee 1",
              "skillProficiencySet": Array [
                Object {
                  "id": 6,
                  "name": "Not Required Skill",
                  "tenantId": 0,
                  "version": 0,
                },
              ],
              "tenantId": 0,
              "version": 0,
            },
          ]
        }
      />
    </InputGroup>
  </Form>
</Modal>
`;

exports[`Edit Shift Template Modal should render correctly with a shift template when opened 1`] = `
<Modal
  actions={
    Array [
      <Button
        aria-label="Close Modal"
        onClick={[MockFunction]}
        variant="tertiary"
      >
        Close
      </Button>,
      <Button
        aria-label="Delete"
        onClick={[Function]}
        variant="danger"
      >
        Delete
      </Button>,
      <Button
        aria-label="Save"
        onClick={[Function]}
      >
        Save
      </Button>,
    ]
  }
  ariaDescribedById=""
  className=""
  hideTitle={false}
  isLarge={false}
  isOpen={true}
  isSmall={true}
  onClose={[MockFunction]}
  title="Edit Shift Template"
>
  <Form
    id="modal-element"
    key="0"
    onSubmit={[Function]}
  >
    <InputGroup>
      <Label>
        Spot
      </Label>
      <TypeaheadSelectInput
        aria-label="Spot"
        defaultValue={
          Object {
            "id": 2,
            "name": "Spot",
            "requiredSkillSet": Array [
              Object {
                "id": 3,
                "name": "Skill",
                "tenantId": 0,
                "version": 0,
              },
            ],
            "tenantId": 0,
            "version": 0,
          }
        }
        emptyText="Select a Spot..."
        onChange={[Function]}
        optionToStringMap={[Function]}
        options={
          Array [
            Object {
              "id": 2,
              "name": "Spot",
              "requiredSkillSet": Array [
                Object {
                  "id": 3,
                  "name": "Skill",
                  "tenantId": 0,
                  "version": 0,
                },
              ],
              "tenantId": 0,
              "version": 0,
            },
          ]
        }
      />
    </InputGroup>
    <InputGroup>
      <Label>
        Start Day Offset
      </Label>
      <TextInput
        aria-label="Start Day Offset"
        className=""
        defaultValue="2"
        isDisabled={false}
        isReadOnly={false}
        isRequired={false}
        isValid={true}
        max={24}
        min={1}
        onChange={[Function]}
        type="number"
      />
      <Label>
        Start Time
      </Label>
      <TextInput
        aria-label="Start Time"
        className=""
        defaultValue="09:00"
        isDisabled={false}
        isReadOnly={false}
        isRequired={false}
        isValid={true}
        onChange={[Function]}
        type="time"
      />
    </InputGroup>
    <InputGroup>
      <Label>
        End Day Offset
      </Label>
      <TextInput
        aria-label="End Day Offset"
        className=""
        defaultValue="2"
        isDisabled={false}
        isReadOnly={false}
        isRequired={false}
        isValid={true}
        max={24}
        min={1}
        onChange={[Function]}
        type="number"
      />
      <Label>
        End Time
      </Label>
      <TextInput
        aria-label="End Time"
        className=""
        defaultValue="17:00"
        isDisabled={false}
        isReadOnly={false}
        isRequired={false}
        isValid={true}
        onChange={[Function]}
        type="time"
      />
    </InputGroup>
    <InputGroup>
      <Label>
        Rotation Employee
      </Label>
      <TypeaheadSelectInput
        aria-label="Employee"
        defaultValue={
          Object {
            "contract": Object {
              "id": 5,
              "maximumMinutesPerDay": 10,
              "maximumMinutesPerMonth": 500,
              "maximumMinutesPerWeek": 70,
              "maximumMinutesPerYear": 6000,
              "name": "Basic Contract",
              "tenantId": 0,
              "version": 0,
            },
            "id": 4,
            "name": "Employee 1",
            "skillProficiencySet": Array [
              Object {
                "id": 6,
                "name": "Not Required Skill",
                "tenantId": 0,
                "version": 0,
              },
            ],
            "tenantId": 0,
            "version": 0,
          }
        }
        emptyText="Unassigned"
        onChange={[Function]}
        optionToStringMap={[Function]}
        optional={true}
        options={
          Array [
            Object {
              "contract": Object {
                "id": 5,
                "maximumMinutesPerDay": 10,
                "maximumMinutesPerMonth": 500,
                "maximumMinutesPerWeek": 70,
                "maximumMinutesPerYear": 6000,
                "name": "Basic Contract",
                "tenantId": 0,
                "version": 0,
              },
              "id": 4,
              "name": "Employee 1",
              "skillProficiencySet": Array [
                Object {
                  "id": 6,
                  "name": "Not Required Skill",
                  "tenantId": 0,
                  "version": 0,
                },
              ],
              "tenantId": 0,
              "version": 0,
            },
          ]
        }
      />
    </InputGroup>
  </Form>
</Modal>
`;
