// Jest Snapshot v1, https://goo.gl/fbAQLP

exports[`Navigation should activate a navigation link matching the current path 1`] = `
<Component
  aria-label="Nav"
>
  <NavList
    ariaLeftScroll="Scroll left"
    ariaRightScroll="Scroll right"
    className=""
    variant="horizontal"
  >
    <NavItem
      isActive={true}
      itemId="skills"
      key="skills"
    >
      <Link
        to="/0/skills"
      >
        Trans(i18nKey=skills)
      </Link>
    </NavItem>
    <NavItem
      isActive={false}
      itemId="wards"
      key="wards"
    >
      <Link
        to="/0/wards"
      >
        Trans(i18nKey=wards)
      </Link>
    </NavItem>
    <NavItem
      isActive={false}
      itemId="contracts"
      key="contracts"
    >
      <Link
        to="/0/contracts"
      >
        Trans(i18nKey=contracts)
      </Link>
    </NavItem>
    <NavItem
      isActive={false}
      itemId="employees"
      key="employees"
    >
      <Link
        to="/0/employees"
      >
        Trans(i18nKey=employees)
      </Link>
    </NavItem>
    <NavItem
      isActive={false}
      itemId="availability"
      key="availability"
    >
      <Link
        to="/0/availability"
      >
        Trans(i18nKey=availability)
      </Link>
    </NavItem>
    <NavItem
      isActive={false}
      itemId="rotation"
      key="rotation"
    >
      <Link
        to="/0/rotation"
      >
        Trans(i18nKey=rotation)
      </Link>
    </NavItem>
    <NavItem
      isActive={false}
      itemId="shift"
      key="shift"
    >
      <Link
        to="/0/shift"
      >
        Trans(i18nKey=shift)
      </Link>
    </NavItem>
    <NavItem
      isActive={false}
      itemId="adjust"
      key="adjust"
    >
      <Link
        to="/0/adjust"
      >
        Trans(i18nKey=adjust)
      </Link>
    </NavItem>
  </NavList>
</Component>
`;
