// Jest Snapshot v1, https://goo.gl/fbAQLP

exports[`Navigation should activate a navigation link matching the current path 1`] = `
<Nav
  aria-label="Nav"
  className=""
  onSelect={[Function]}
  onToggle={[Function]}
>
  <NavList
    ariaLeftScroll="Scroll left"
    ariaRightScroll="Scroll right"
    className=""
    variant="horizontal"
  >
    <NavItem
      isActive={true}
      itemId="skills"
      key="skills"
    >
      <Link
        to="/skills"
      >
        Skills
      </Link>
    </NavItem>
    <NavItem
      isActive={false}
      itemId="spots"
      key="spots"
    >
      <Link
        to="/spots"
      >
        Spots
      </Link>
    </NavItem>
    <NavItem
      isActive={false}
      itemId="contracts"
      key="contracts"
    >
      <Link
        to="/contracts"
      >
        Contracts
      </Link>
    </NavItem>
    <NavItem
      isActive={false}
      itemId="employees"
      key="employees"
    >
      <Link
        to="/employees"
      >
        Employees
      </Link>
    </NavItem>
    <NavItem
      isActive={false}
      itemId="shift"
      key="shift"
    >
      <Link
        to="/shift"
      >
        Shift
      </Link>
    </NavItem>
    <NavItem
      isActive={false}
      itemId="availability"
      key="availability"
    >
      <Link
        to="/availability"
      >
        Availability
      </Link>
    </NavItem>
  </NavList>
</Nav>
`;
